(index):1 Autofocus processing was blocked because a document already has a focused element.
App.vue:973 [Vue warn]: Unhandled error during execution of render function 
  at <Apl modelValue= {id: 'c007e014-64e2-48e9-ae8f-786180f4e954', type: 'apl', version: '1.0', name: 'Fireball', items: Array(1)}id: "c007e014-64e2-48e9-ae8f-786180f4e954"items: [{…}]name: "Fireball"type: "apl"version: "1.0"[[Prototype]]: Objectconstructor: ƒ Object()hasOwnProperty: ƒ hasOwnProperty()isPrototypeOf: ƒ isPrototypeOf()propertyIsEnumerable: ƒ propertyIsEnumerable()toLocaleString: ƒ toLocaleString()toString: ƒ toString()valueOf: ƒ valueOf()__defineGetter__: ƒ __defineGetter__()__defineSetter__: ƒ __defineSetter__()__lookupGetter__: ƒ __lookupGetter__()__lookupSetter__: ƒ __lookupSetter__()__proto__: (...)get __proto__: ƒ __proto__()set __proto__: ƒ __proto__() onUpdate:modelValue=fn player= {name: 'mage 2', race: 'Human', level: 60, id: '12931d4d-1b36-4f9f-baba-7e11f4509bd8', stats: {…}, …}apl: id: "c007e014-64e2-48e9-ae8f-786180f4e954"items: Array(1)0: {id: 'aaf40633-d580-4cfd-8cf2-fc440ea5fb6f', status: true, condition: {…}, action: {…}}length: 1[[Prototype]]: Array(0)name: "Fireball"type: "apl"version: "1.0"[[Prototype]]: Objectconstructor: ƒ Object()hasOwnProperty: ƒ hasOwnProperty()isPrototypeOf: ƒ isPrototypeOf()propertyIsEnumerable: ƒ propertyIsEnumerable()toLocaleString: ƒ toLocaleString()toString: ƒ toString()valueOf: ƒ valueOf()__defineGetter__: ƒ __defineGetter__()__defineSetter__: ƒ __defineSetter__()__lookupGetter__: ƒ __lookupGetter__()__lookupSetter__: ƒ __lookupSetter__()__proto__: (...)get __proto__: ƒ __proto__()set __proto__: ƒ __proto__()blessed_wizard_oil: falsebonus_stats: {int: 0, spi: 0, mp5: 0, crit: 0, hit: 0, …}buffs: {arcane_intellect: true, imp_mark_of_the_wild: true, blessing_of_kings: true, songflower: true, rallying_cry: true, …}has_pi: falseid: "12931d4d-1b36-4f9f-baba-7e11f4509bd8"is_target: trueitems: []level: 60loadout: {head: {…}, neck: {…}, shoulder: {…}, back: {…}, chest: {…}, …}name: "mage 2"race: "Human"stats: {int: 123, spi: 125, mp5: 0, crit: 0.2, hit: 0, …}talents: (49) [2, 3, 0, 0, 0, 5, 2, 3, 0, 0, 0, 2, 0, 0, 0, 0, 5, 0, 5, 2, 0, 0, 0, 1, 2, 3, 0, 3, 3, 1, 5, 1, 0, 0, 3, 0, 0, 0, 0, 0, 0, 0, 0, 0, 0, 0, 0, 0, 0][[Prototype]]: Object  ... > 
  at <App>
